Testing Terminal_Window creation...
Creating Terminal_Window...
Setting raw mode...
Raw mode set successfully
Writing alternative screen buffer...
Skipping alternative screen buffer for now
Writing mouse tracking...
[?1003hWriting hide cursor...
[?25lTerminal mode initialization completed
Terminal_Window created successfully!
Draw state: initialized
Raw mode reset successfully
Test completed successfully
[?1049l[?25h[?1003l